C251 COMPILER V5.60.0,  SEEKFREE_MPU6050                                                   15/07/23  15:59:08  PAGE 1   


C251 COMPILER V5.60.0, COMPILATION OF MODULE SEEKFREE_MPU6050
OBJECT MODULE PLACED IN .\Out_File\SEEKFREE_MPU6050.obj
COMPILER INVOKED BY: D:\Keil\C251\BIN\C251.EXE ..\..\Libraries\seekfree_peripheral\SEEKFREE_MPU6050.c XSMALL INTR2 WARNI
                    -NGLEVEL(3) OPTIMIZE(0,SPEED) BROWSE INCDIR(..\..\Libraries\libraries;..\..\Libraries\seekfree_libraries;..\..\Libraries\
                    -seekfree_peripheral;..\CODE;..\USER\inc;..\USER\src;..\CODE) DEBUG PRINT(.\Out_File\SEEKFREE_MPU6050.lst) OBJECT(.\Out_F
                    -ile\SEEKFREE_MPU6050.obj) 

stmt  level    source

    1          /********************************************************************************************************
             -*************
    2           * COPYRIGHT NOTICE
    3           * Copyright (c) 2018,逐飞科技
    4           * All rights reserved.
    5           * 技术讨论QQ群：一群：179029047(已满)  二群：244861897
    6           *
    7           * 以下所有内容版权均属逐飞科技所有，未经允许不得用于商业用途，
    8           * 欢迎各位使用并传播本程序，修改内容时必须保留逐飞科技的版权声明。
    9           *
   10           * @file                MPU6050
   11           * @company                     成都逐飞科技有限公司
   12           * @author              逐飞科技(QQ3184284598)
   13           * @version             查看doc内version文件 版本说明
   14           * @Software            MDK FOR C251 V5.60
   15           * @Target core         STC32G12K128
   16           * @Taobao              https://seekfree.taobao.com/
   17           * @date                2019-04-30
   18           * @note                
   19                                                  接线定义：
   20                                                  ------------------------------------ 
   21                                                  软件IIC
   22                                                  SCL                 查看SEEKFREE_MPU6050.H文件内的MPU6050_SCL_PIN宏定义
   23                                                  SDA                 查看SEEKFREE_MPU6050.H文件内的MPU6050_SDA_PIN宏定义  
   24                                                  ------------------------------------ 
   25           ********************************************************************************************************
             -************/
   26          
   27          
   28          
   29          #include "SEEKFREE_MPU6050.h"
   30          #include "zf_delay.h"
   31          
   32          
   33          int16 mpu6050_gyro_x,mpu6050_gyro_y,mpu6050_gyro_z;
   34          int16 mpu6050_acc_x,mpu6050_acc_y,mpu6050_acc_z;
   35          
   36          
   37          #define GET_MPU6050_SDA                         MPU6050_SDA_PIN
   38          #define MPU6050_SCL_LOW()               MPU6050_SCL_PIN = 0             //IO口输出低电平
   39          #define MPU6050_SCL_HIGH()              MPU6050_SCL_PIN = 1             //IO口输出高电平  
   40          #define MPU6050_SDA_LOW()               MPU6050_SDA_PIN = 0             //IO口输出低电平
   41          #define MPU6050_SDA_HIGH()              MPU6050_SDA_PIN = 1             //IO口输出高电平
   42          
   43          #define ack 1      //主应答
   44          #define no_ack 0   //从应答     
   45          
   46          //-------------------------------------------------------------------------------------------------------
             -------------
   47          //  @brief      模拟IIC延时
   48          //  @return     void                                            
   49          //  @since      v1.0
   50          //  Sample usage:                               如果IIC通讯失败可以尝试增加j的值
   51          //-------------------------------------------------------------------------------------------------------
             -------------
   52          static void mpu6050_simiic_delay(void)
C251 COMPILER V5.60.0,  SEEKFREE_MPU6050                                                   15/07/23  15:59:08  PAGE 2   

   53          {
   54   1          uint16 j=MPU6050_IIC_DELAY;   
   55   1              while(j--);
   56   1      }
   57          
   58          //内部使用，用户无需调用
   59          static void mpu6050_simiic_start(void)
   60          {
   61   1              MPU6050_SDA_HIGH();
   62   1              MPU6050_SCL_HIGH();
   63   1              mpu6050_simiic_delay();
   64   1              MPU6050_SDA_LOW();
   65   1              mpu6050_simiic_delay();
   66   1              MPU6050_SCL_LOW();
   67   1      }
   68          
   69          //内部使用，用户无需调用
   70          static void mpu6050_simiic_stop(void)
   71          {
   72   1              MPU6050_SDA_LOW();
   73   1              MPU6050_SCL_LOW();
   74   1              mpu6050_simiic_delay();
   75   1              MPU6050_SCL_HIGH();
   76   1              mpu6050_simiic_delay();
   77   1              MPU6050_SDA_HIGH();
   78   1              mpu6050_simiic_delay();
   79   1      }
   80          
   81          //主应答(包含ack:SDA=0和no_ack:SDA=0)
   82          //内部使用，用户无需调用
   83          static void mpu6050_simiic_sendack(unsigned char ack_dat)
   84          {
   85   1          MPU6050_SCL_LOW();
   86   1              mpu6050_simiic_delay();
   87   1              if(ack_dat) MPU6050_SDA_LOW();
   88   1          else        MPU6050_SDA_HIGH();
   89   1      
   90   1          MPU6050_SCL_HIGH();
   91   1          mpu6050_simiic_delay();
   92   1          MPU6050_SCL_LOW();
   93   1          mpu6050_simiic_delay();
   94   1      }
   95          
   96          
   97          static int mpu6050_sccb_waitack(void)
   98          {
   99   1          MPU6050_SCL_LOW();
  100   1      
  101   1              mpu6050_simiic_delay();
  102   1              
  103   1              MPU6050_SCL_HIGH();
  104   1          mpu6050_simiic_delay();
  105   1              
  106   1          if(GET_MPU6050_SDA)           //应答为高电平，异常，通信失败
  107   1          {
  108   2      
  109   2              MPU6050_SCL_LOW();
  110   2              return 0;
  111   2          }
  112   1      
  113   1          MPU6050_SCL_LOW();
  114   1              mpu6050_simiic_delay();
  115   1          return 1;
  116   1      }
  117          
  118          //字节发送程序
C251 COMPILER V5.60.0,  SEEKFREE_MPU6050                                                   15/07/23  15:59:08  PAGE 3   

  119          //发送c(可以是数据也可是地址)，送完后接收从应答
  120          //不考虑从应答位
  121          //内部使用，用户无需调用
  122          static void mpu6050_send_ch(uint8 c)
  123          {
  124   1              uint8 i = 8;
  125   1          while(i--)
  126   1          {
  127   2              if(c & 0x80)    MPU6050_SDA_HIGH();//SDA 输出数据
  128   2              else                    MPU6050_SDA_LOW();
  129   2              c <<= 1;
  130   2              mpu6050_simiic_delay();
  131   2              MPU6050_SCL_HIGH();                //SCL 拉高，采集信号
  132   2              mpu6050_simiic_delay();
  133   2              MPU6050_SCL_LOW();                //SCL 时钟线拉低
  134   2          }
  135   1              mpu6050_sccb_waitack();
  136   1      }
  137          
  138          
  139          //字节接收程序
  140          //接收器件传来的数据，此程序应配合|主应答函数|使用
  141          //内部使用，用户无需调用
  142          static uint8 mpu6050_read_ch(uint8 ack_x)
  143          {
  144   1          uint8 i;
  145   1          uint8 c;
  146   1          c=0;
  147   1          MPU6050_SCL_LOW();
  148   1          mpu6050_simiic_delay();
  149   1          MPU6050_SDA_HIGH();             
  150   1      
  151   1          for(i=0;i<8;i++)
  152   1          {
  153   2              mpu6050_simiic_delay();
  154   2              MPU6050_SCL_LOW();         //置时钟线为低，准备接收数据位
  155   2              mpu6050_simiic_delay();
  156   2              MPU6050_SCL_HIGH();         //置时钟线为高，使数据线上数据有效
  157   2              mpu6050_simiic_delay();
  158   2              c<<=1;
  159   2              if(GET_MPU6050_SDA) 
  160   2              {
  161   3                  c+=1;   //读数据位，将接收的数据存c
  162   3              }
  163   2          }
  164   1      
  165   1              MPU6050_SCL_LOW();
  166   1              mpu6050_simiic_delay();
  167   1              mpu6050_simiic_sendack(ack_x);
  168   1              
  169   1          return c;
  170   1      }
  171          
  172          
  173          //-------------------------------------------------------------------------------------------------------
             -------------
  174          //  @brief      模拟IIC写数据到设备寄存器函数
  175          //  @param      dev_add                 设备地址(低七位地址)
  176          //  @param      reg                             寄存器地址
  177          //  @param      dat                             写入的数据
  178          //  @return     void                                            
  179          //  @since      v1.0
  180          //  Sample usage:                               
  181          //-------------------------------------------------------------------------------------------------------
             -------------
  182          static void mpu6050_simiic_write_reg(uint8 dev_add, uint8 reg, uint8 dat)
C251 COMPILER V5.60.0,  SEEKFREE_MPU6050                                                   15/07/23  15:59:08  PAGE 4   

  183          {
  184   1              mpu6050_simiic_start();
  185   1          mpu6050_send_ch( (dev_add<<1) | 0x00);   //发送器件地址加写位
  186   1              mpu6050_send_ch( reg );                                  //发送从机寄存器地址
  187   1              mpu6050_send_ch( dat );                                  //发送需要写入的数据
  188   1              mpu6050_simiic_stop();
  189   1      }
  190          
  191          //-------------------------------------------------------------------------------------------------------
             -------------
  192          //  @brief      模拟IIC从设备寄存器读取数据
  193          //  @param      dev_add                 设备地址(低七位地址)
  194          //  @param      reg                             寄存器地址
  195          //  @param      type                    选择通信方式是IIC  还是 SCCB
  196          //  @return     uint8                   返回寄存器的数据                        
  197          //  @since      v1.0
  198          //  Sample usage:                               
  199          //-------------------------------------------------------------------------------------------------------
             -------------
  200          uint8 mpu6050_simiic_read_reg(uint8 dev_add, uint8 reg)
  201          {
  202   1              uint8 dat;
  203   1              mpu6050_simiic_start();
  204   1          mpu6050_send_ch( (dev_add<<1) | 0x00);  //发送器件地址加写位
  205   1              mpu6050_send_ch( reg );                                 //发送从机寄存器地址
  206   1      
  207   1              
  208   1              mpu6050_simiic_start();
  209   1              mpu6050_send_ch( (dev_add<<1) | 0x01);  //发送器件地址加读位
  210   1              dat = mpu6050_read_ch(no_ack);                                  //读取数据
  211   1              mpu6050_simiic_stop();
  212   1              
  213   1              return dat;
  214   1      }
  215          
  216          //-------------------------------------------------------------------------------------------------------
             -------------
  217          //  @brief      模拟IIC读取多字节数据
  218          //  @param      dev_add                 设备地址(低七位地址)
  219          //  @param      reg                             寄存器地址
  220          //  @param      dat_add                 数据保存的地址指针
  221          //  @param      num                             读取字节数量
  222          //  @param      type                    选择通信方式是IIC  还是 SCCB
  223          //  @return     uint8                   返回寄存器的数据                        
  224          //  @since      v1.0
  225          //  Sample usage:                               
  226          //-------------------------------------------------------------------------------------------------------
             -------------
  227          void mpu6050_simiic_read_regs(uint8 dev_add, uint8 reg, uint8 *dat_add, uint8 num)
  228          {
  229   1              mpu6050_simiic_start();
  230   1          mpu6050_send_ch( (dev_add<<1) | 0x00);  //发送器件地址加写位
  231   1              mpu6050_send_ch( reg );                                 //发送从机寄存器地址
  232   1      
  233   1              
  234   1              mpu6050_simiic_start();
  235   1              mpu6050_send_ch( (dev_add<<1) | 0x01);  //发送器件地址加读位
  236   1          while(--num)
  237   1          {
  238   2              *dat_add = mpu6050_read_ch(ack); //读取数据
  239   2              dat_add++;
  240   2          }
  241   1          *dat_add = mpu6050_read_ch(no_ack); //读取数据
  242   1              mpu6050_simiic_stop();
  243   1      }
  244          
C251 COMPILER V5.60.0,  SEEKFREE_MPU6050                                                   15/07/23  15:59:08  PAGE 5   

  245          //-------------------------------------------------------------------------------------------------------
             -------------
  246          //  @brief      MPU6050自检函数
  247          //  @param      NULL
  248          //  @return     void                                    
  249          //  @since      v1.0
  250          //  Sample usage:                               
  251          //-------------------------------------------------------------------------------------------------------
             -------------
  252          static uint8 mpu6050_self1_check(void)
  253          {
  254   1          mpu6050_simiic_write_reg(MPU6050_DEV_ADDR, PWR_MGMT_1, 0x00);       //解除休眠状态
  255   1          mpu6050_simiic_write_reg(MPU6050_DEV_ADDR, SMPLRT_DIV, 0x07);   //125HZ采样率
  256   1          if(0x07 != mpu6050_simiic_read_reg(MPU6050_DEV_ADDR, SMPLRT_DIV))
  257   1          {
  258   2                      printf("mpu6050 init error.\r\n");
  259   2                      return 1;
  260   2              //卡在这里原因有以下几点
  261   2              //1 MPU6050坏了，如果是新的这样的概率极低
  262   2              //2 接线错误或者没有接好
  263   2              //3 可能你需要外接上拉电阻，上拉到3.3V
  264   2                      //4 可能没有调用模拟IIC的初始化函数
  265   2          }
  266   1      
  267   1              return 0;
  268   1      
  269   1      }
  270          
  271          
  272          //-------------------------------------------------------------------------------------------------------
             -------------
  273          //  @brief      初始化MPU6050
  274          //  @param      NULL
  275          //  @return     void                                    
  276          //  @since      v1.0
  277          //  Sample usage:                               
  278          //-------------------------------------------------------------------------------------------------------
             -------------
  279          uint8 mpu6050_init(void)
  280          {
  281   1          delay_ms(100);                                   //上电延时
  282   1      
  283   1          if(mpu6050_self1_check())
  284   1              {
  285   2                      return 1;
  286   2              }
  287   1          mpu6050_simiic_write_reg(MPU6050_DEV_ADDR, PWR_MGMT_1, 0x00);       //解除休眠状态
  288   1          mpu6050_simiic_write_reg(MPU6050_DEV_ADDR, SMPLRT_DIV, 0x07);   //125HZ采样率
  289   1          mpu6050_simiic_write_reg(MPU6050_DEV_ADDR, MPU6050_CONFIG, 0x04);       //
  290   1          mpu6050_simiic_write_reg(MPU6050_DEV_ADDR, GYRO_CONFIG, 0x18);  //2000
  291   1          mpu6050_simiic_write_reg(MPU6050_DEV_ADDR, ACCEL_CONFIG, 0x10); //8g
  292   1              mpu6050_simiic_write_reg(MPU6050_DEV_ADDR, User_Control, 0x00);
  293   1          mpu6050_simiic_write_reg(MPU6050_DEV_ADDR, INT_PIN_CFG, 0x02);
  294   1              return 0;
  295   1      }
  296          
  297          
  298          
  299          //-------------------------------------------------------------------------------------------------------
             -------------
  300          //  @brief      获取MPU6050加速度计数据
  301          //  @param      NULL
  302          //  @return     void
  303          //  @since      v1.0
  304          //  Sample usage:                               执行该函数后，直接查看对应的变量即可
  305          //-------------------------------------------------------------------------------------------------------
C251 COMPILER V5.60.0,  SEEKFREE_MPU6050                                                   15/07/23  15:59:08  PAGE 6   

             -------------
  306          void mpu6050_get_accdata(void)
  307          {
  308   1          uint8 dat[6];
  309   1      
  310   1          mpu6050_simiic_read_regs(MPU6050_DEV_ADDR, ACCEL_XOUT_H, dat, 6);  
  311   1          mpu6050_acc_x = (int16)(((uint16)dat[0]<<8 | dat[1]));
  312   1          mpu6050_acc_y = (int16)(((uint16)dat[2]<<8 | dat[3]));
  313   1          mpu6050_acc_z = (int16)(((uint16)dat[4]<<8 | dat[5]));
  314   1      }
  315          
  316          
  317          //-------------------------------------------------------------------------------------------------------
             -------------
  318          //  @brief      获取MPU6050陀螺仪数据
  319          //  @param      NULL
  320          //  @return     void
  321          //  @since      v1.0
  322          //  Sample usage:                               执行该函数后，直接查看对应的变量即可
  323          //-------------------------------------------------------------------------------------------------------
             -------------
  324          void mpu6050_get_gyro(void)
  325          {
  326   1          uint8 dat[6];
  327   1      
  328   1          mpu6050_simiic_read_regs(MPU6050_DEV_ADDR, GYRO_XOUT_H, dat, 6);  
  329   1          mpu6050_gyro_x = (int16)(((uint16)dat[0]<<8 | dat[1]));
  330   1          mpu6050_gyro_y = (int16)(((uint16)dat[2]<<8 | dat[3]));
  331   1          mpu6050_gyro_z = (int16)(((uint16)dat[4]<<8 | dat[5]));
  332   1      }
  333          
  334          
  335          
  336          
  337          
  338          
  339          
  340          
  341          


Module Information          Static   Overlayable
------------------------------------------------
  code size            =       842     ------
  ecode size           =    ------     ------
  data size            =    ------     ------
  idata size           =    ------     ------
  pdata size           =    ------     ------
  xdata size           =    ------     ------
  xdata-const size     =    ------     ------
  edata size           =        45     ------
  bit size             =    ------     ------
  ebit size            =    ------     ------
  bitaddressable size  =    ------     ------
  ebitaddressable size =    ------     ------
  far data size        =    ------     ------
  huge data size       =    ------     ------
  const size           =    ------     ------
  hconst size          =        22     ------
End of Module Information.


C251 COMPILATION COMPLETE.  0 WARNING(S),  0 ERROR(S)
